[3728:5600:0613/105952.106:WARNING:t_skinfilemap.cpp(56)] SGRenderLog:CheckUpdate newMem.OpenMem failed, szNewMem:Local\sgime_skin.v2.filemap.sogouime err:系统错误2: 系统找不到指定的文件。  
打开Filemap失败: Local\sgime_skin.v2.filemap.sogouime3513863fd27
[3728:5600:0613/105952.106:WARNING:t_skinfilemap.cpp(65)] SGRenderLog:CheckUpdate finish: old version:1
[3728:5600:0613/105952.106:WARNING:t_skinfilemap.cpp(67)] SGRenderLog:CheckUpdate finish: new version:2
[3728:5600:0613/105952.168:WARNING:t_skinfilemap.cpp(63)] SGRenderLog:CheckUpdate newMem.OpenMem Suc, szNewMem:Local\sgime_skin.Dpi192.v2.filemap.sogouime
[3728:5600:0613/105952.168:WARNING:t_skinfilemap.cpp(65)] SGRenderLog:CheckUpdate finish: old version:2
[3728:5600:0613/105952.168:WARNING:t_skinfilemap.cpp(67)] SGRenderLog:CheckUpdate finish: new version:2
[14952:6196:0613/110049.025:WARNING:t_skinfilemap.cpp(56)] SGRenderLog:CheckUpdate newMem.OpenMem failed, szNewMem:Local\sgime_skin.v2.filemap.sogouime err:系统错误2: 系统找不到指定的文件。  
打开Filemap失败: Local\sgime_skin.v2.filemap.sogouime3513863fd27
[14952:6196:0613/110049.025:WARNING:t_skinfilemap.cpp(65)] SGRenderLog:CheckUpdate finish: old version:1
[14952:6196:0613/110049.025:WARNING:t_skinfilemap.cpp(67)] SGRenderLog:CheckUpdate finish: new version:2
[14952:6196:0613/110049.080:WARNING:t_skinfilemap.cpp(63)] SGRenderLog:CheckUpdate newMem.OpenMem Suc, szNewMem:Local\sgime_skin.Dpi192.v2.filemap.sogouime
[14952:6196:0613/110049.080:WARNING:t_skinfilemap.cpp(65)] SGRenderLog:CheckUpdate finish: old version:2
[14952:6196:0613/110049.080:WARNING:t_skinfilemap.cpp(67)] SGRenderLog:CheckUpdate finish: new version:2
[3920:13092:0613/110114.213:WARNING:t_skinfilemap.cpp(56)] SGRenderLog:CheckUpdate newMem.OpenMem failed, szNewMem:Local\sgime_skin.v2.filemap.sogouime err:系统错误2: 系统找不到指定的文件。  
打开Filemap失败: Local\sgime_skin.v2.filemap.sogouime3513863fd27
[3920:13092:0613/110114.213:WARNING:t_skinfilemap.cpp(65)] SGRenderLog:CheckUpdate finish: old version:1
[3920:13092:0613/110114.213:WARNING:t_skinfilemap.cpp(67)] SGRenderLog:CheckUpdate finish: new version:2
[3920:13092:0613/110114.266:WARNING:t_skinfilemap.cpp(63)] SGRenderLog:CheckUpdate newMem.OpenMem Suc, szNewMem:Local\sgime_skin.Dpi192.v2.filemap.sogouime
[3920:13092:0613/110114.266:WARNING:t_skinfilemap.cpp(65)] SGRenderLog:CheckUpdate finish: old version:2
[3920:13092:0613/110114.266:WARNING:t_skinfilemap.cpp(67)] SGRenderLog:CheckUpdate finish: new version:2
[2392:11760:0613/110229.205:WARNING:t_skinfilemap.cpp(56)] SGRenderLog:CheckUpdate newMem.OpenMem failed, szNewMem:Local\sgime_skin.v2.filemap.sogouime err:系统错误2: 系统找不到指定的文件。  
打开Filemap失败: Local\sgime_skin.v2.filemap.sogouime3513863fd27
[2392:11760:0613/110229.205:WARNING:t_skinfilemap.cpp(65)] SGRenderLog:CheckUpdate finish: old version:1
[2392:11760:0613/110229.205:WARNING:t_skinfilemap.cpp(67)] SGRenderLog:CheckUpdate finish: new version:2
[2392:11760:0613/110229.258:WARNING:t_skinfilemap.cpp(63)] SGRenderLog:CheckUpdate newMem.OpenMem Suc, szNewMem:Local\sgime_skin.Dpi192.v2.filemap.sogouime
[2392:11760:0613/110229.258:WARNING:t_skinfilemap.cpp(65)] SGRenderLog:CheckUpdate finish: old version:2
[2392:11760:0613/110229.258:WARNING:t_skinfilemap.cpp(67)] SGRenderLog:CheckUpdate finish: new version:2
[15048:12672:0613/115215.116:WARNING:t_skinfilemap.cpp(56)] SGRenderLog:CheckUpdate newMem.OpenMem failed, szNewMem:Local\sgime_skin.v6.filemap.sogouime err:系统错误2: 系统找不到指定的文件。  
打开Filemap失败: Local\sgime_skin.v6.filemap.sogouime3513863fd27
[15048:12672:0613/115215.116:WARNING:t_skinfilemap.cpp(65)] SGRenderLog:CheckUpdate finish: old version:1
[15048:12672:0613/115215.116:WARNING:t_skinfilemap.cpp(67)] SGRenderLog:CheckUpdate finish: new version:6
[15048:12672:0613/115215.187:WARNING:t_skinfilemap.cpp(56)] SGRenderLog:CheckUpdate newMem.OpenMem failed, szNewMem:Local\sgime_skin.Dpi192.v6.filemap.sogouime err:系统错误2: 系统找不到指定的文件。  
打开Filemap失败: Local\sgime_skin.Dpi192.v6.filemap.sogouime3513863fd27
[15048:12672:0613/115215.187:WARNING:t_skinfilemap.cpp(65)] SGRenderLog:CheckUpdate finish: old version:6
[15048:12672:0613/115215.187:WARNING:t_skinfilemap.cpp(67)] SGRenderLog:CheckUpdate finish: new version:6
[6344:11444:0613/115254.141:WARNING:t_skinfilemap.cpp(56)] SGRenderLog:CheckUpdate newMem.OpenMem failed, szNewMem:Local\sgime_skin.v6.filemap.sogouime err:系统错误2: 系统找不到指定的文件。  
打开Filemap失败: Local\sgime_skin.v6.filemap.sogouime3513863fd27
[6344:11444:0613/115254.141:WARNING:t_skinfilemap.cpp(65)] SGRenderLog:CheckUpdate finish: old version:1
[6344:11444:0613/115254.141:WARNING:t_skinfilemap.cpp(67)] SGRenderLog:CheckUpdate finish: new version:6
[6344:11444:0613/115254.196:WARNING:t_skinfilemap.cpp(56)] SGRenderLog:CheckUpdate newMem.OpenMem failed, szNewMem:Local\sgime_skin.Dpi192.v6.filemap.sogouime err:系统错误2: 系统找不到指定的文件。  
打开Filemap失败: Local\sgime_skin.Dpi192.v6.filemap.sogouime3513863fd27
[6344:11444:0613/115254.196:WARNING:t_skinfilemap.cpp(65)] SGRenderLog:CheckUpdate finish: old version:6
[6344:11444:0613/115254.196:WARNING:t_skinfilemap.cpp(67)] SGRenderLog:CheckUpdate finish: new version:6
[1668:11744:0613/115327.172:WARNING:t_skinfilemap.cpp(56)] SGRenderLog:CheckUpdate newMem.OpenMem failed, szNewMem:Local\sgime_skin.v6.filemap.sogouime err:系统错误2: 系统找不到指定的文件。  
打开Filemap失败: Local\sgime_skin.v6.filemap.sogouime3513863fd27
[1668:11744:0613/115327.172:WARNING:t_skinfilemap.cpp(65)] SGRenderLog:CheckUpdate finish: old version:1
[1668:11744:0613/115327.173:WARNING:t_skinfilemap.cpp(67)] SGRenderLog:CheckUpdate finish: new version:6
[1668:11744:0613/115327.225:WARNING:t_skinfilemap.cpp(56)] SGRenderLog:CheckUpdate newMem.OpenMem failed, szNewMem:Local\sgime_skin.Dpi192.v6.filemap.sogouime err:系统错误2: 系统找不到指定的文件。  
打开Filemap失败: Local\sgime_skin.Dpi192.v6.filemap.sogouime3513863fd27
[1668:11744:0613/115327.225:WARNING:t_skinfilemap.cpp(65)] SGRenderLog:CheckUpdate finish: old version:6
[1668:11744:0613/115327.225:WARNING:t_skinfilemap.cpp(67)] SGRenderLog:CheckUpdate finish: new version:6
[8308:6668:0613/115402.486:WARNING:t_skinfilemap.cpp(56)] SGRenderLog:CheckUpdate newMem.OpenMem failed, szNewMem:Local\sgime_skin.v6.filemap.sogouime err:系统错误2: 系统找不到指定的文件。  
打开Filemap失败: Local\sgime_skin.v6.filemap.sogouime3513863fd27
[8308:6668:0613/115402.486:WARNING:t_skinfilemap.cpp(65)] SGRenderLog:CheckUpdate finish: old version:1
[8308:6668:0613/115402.486:WARNING:t_skinfilemap.cpp(67)] SGRenderLog:CheckUpdate finish: new version:6
[8308:6668:0613/115402.540:WARNING:t_skinfilemap.cpp(56)] SGRenderLog:CheckUpdate newMem.OpenMem failed, szNewMem:Local\sgime_skin.Dpi192.v6.filemap.sogouime err:系统错误2: 系统找不到指定的文件。  
打开Filemap失败: Local\sgime_skin.Dpi192.v6.filemap.sogouime3513863fd27
[8308:6668:0613/115402.541:WARNING:t_skinfilemap.cpp(65)] SGRenderLog:CheckUpdate finish: old version:6
[8308:6668:0613/115402.541:WARNING:t_skinfilemap.cpp(67)] SGRenderLog:CheckUpdate finish: new version:6
[11500:14480:0613/123755.934:WARNING:t_skinfilemap.cpp(56)] SGRenderLog:CheckUpdate newMem.OpenMem failed, szNewMem:Local\sgime_skin.v6.filemap.sogouime err:系统错误2: 系统找不到指定的文件。  
打开Filemap失败: Local\sgime_skin.v6.filemap.sogouime3513863fd27
[11500:14480:0613/123755.934:WARNING:t_skinfilemap.cpp(65)] SGRenderLog:CheckUpdate finish: old version:1
[11500:14480:0613/123755.934:WARNING:t_skinfilemap.cpp(67)] SGRenderLog:CheckUpdate finish: new version:6
[11500:14480:0613/123755.997:WARNING:t_skinfilemap.cpp(63)] SGRenderLog:CheckUpdate newMem.OpenMem Suc, szNewMem:Local\sgime_skin.Dpi192.v6.filemap.sogouime
[11500:14480:0613/123755.997:WARNING:t_skinfilemap.cpp(65)] SGRenderLog:CheckUpdate finish: old version:6
[11500:14480:0613/123755.997:WARNING:t_skinfilemap.cpp(67)] SGRenderLog:CheckUpdate finish: new version:6
[6768:10456:0613/123828.939:WARNING:t_skinfilemap.cpp(56)] SGRenderLog:CheckUpdate newMem.OpenMem failed, szNewMem:Local\sgime_skin.v6.filemap.sogouime err:系统错误2: 系统找不到指定的文件。  
打开Filemap失败: Local\sgime_skin.v6.filemap.sogouime3513863fd27
[6768:10456:0613/123828.939:WARNING:t_skinfilemap.cpp(65)] SGRenderLog:CheckUpdate finish: old version:1
[6768:10456:0613/123828.939:WARNING:t_skinfilemap.cpp(67)] SGRenderLog:CheckUpdate finish: new version:6
[6768:10456:0613/123828.994:WARNING:t_skinfilemap.cpp(63)] SGRenderLog:CheckUpdate newMem.OpenMem Suc, szNewMem:Local\sgime_skin.Dpi192.v6.filemap.sogouime
[6768:10456:0613/123828.994:WARNING:t_skinfilemap.cpp(65)] SGRenderLog:CheckUpdate finish: old version:6
[6768:10456:0613/123828.994:WARNING:t_skinfilemap.cpp(67)] SGRenderLog:CheckUpdate finish: new version:6
[272:8644:0613/124142.787:WARNING:t_skinfilemap.cpp(56)] SGRenderLog:CheckUpdate newMem.OpenMem failed, szNewMem:Local\sgime_skin.v6.filemap.sogouime err:系统错误2: 系统找不到指定的文件。  
打开Filemap失败: Local\sgime_skin.v6.filemap.sogouime3513863fd27
[272:8644:0613/124142.787:WARNING:t_skinfilemap.cpp(65)] SGRenderLog:CheckUpdate finish: old version:1
[272:8644:0613/124142.787:WARNING:t_skinfilemap.cpp(67)] SGRenderLog:CheckUpdate finish: new version:6
[272:8644:0613/124142.842:WARNING:t_skinfilemap.cpp(63)] SGRenderLog:CheckUpdate newMem.OpenMem Suc, szNewMem:Local\sgime_skin.Dpi192.v6.filemap.sogouime
[272:8644:0613/124142.842:WARNING:t_skinfilemap.cpp(65)] SGRenderLog:CheckUpdate finish: old version:6
[272:8644:0613/124142.842:WARNING:t_skinfilemap.cpp(67)] SGRenderLog:CheckUpdate finish: new version:6
[7252:1904:0613/135449.791:WARNING:t_skinfilemap.cpp(56)] SGRenderLog:CheckUpdate newMem.OpenMem failed, szNewMem:Local\sgime_skin.v6.filemap.sogouime err:系统错误2: 系统找不到指定的文件。  
打开Filemap失败: Local\sgime_skin.v6.filemap.sogouime3513863fd27
[7252:1904:0613/135449.791:WARNING:t_skinfilemap.cpp(65)] SGRenderLog:CheckUpdate finish: old version:1
[7252:1904:0613/135449.791:WARNING:t_skinfilemap.cpp(67)] SGRenderLog:CheckUpdate finish: new version:6
[7252:1904:0613/135449.858:WARNING:t_skinfilemap.cpp(63)] SGRenderLog:CheckUpdate newMem.OpenMem Suc, szNewMem:Local\sgime_skin.Dpi192.v6.filemap.sogouime
[7252:1904:0613/135449.858:WARNING:t_skinfilemap.cpp(65)] SGRenderLog:CheckUpdate finish: old version:6
[7252:1904:0613/135449.858:WARNING:t_skinfilemap.cpp(67)] SGRenderLog:CheckUpdate finish: new version:6
[9980:2532:0613/172251.352:WARNING:t_skinfilemap.cpp(56)] SGRenderLog:CheckUpdate newMem.OpenMem failed, szNewMem:Local\sgime_skin.v6.filemap.sogouime err:系统错误2: 系统找不到指定的文件。  
打开Filemap失败: Local\sgime_skin.v6.filemap.sogouime3513863fd27
[9980:2532:0613/172251.352:WARNING:t_skinfilemap.cpp(65)] SGRenderLog:CheckUpdate finish: old version:1
[9980:2532:0613/172251.352:WARNING:t_skinfilemap.cpp(67)] SGRenderLog:CheckUpdate finish: new version:6
[9980:2532:0613/172251.407:WARNING:t_skinfilemap.cpp(63)] SGRenderLog:CheckUpdate newMem.OpenMem Suc, szNewMem:Local\sgime_skin.Dpi192.v6.filemap.sogouime
[9980:2532:0613/172251.407:WARNING:t_skinfilemap.cpp(65)] SGRenderLog:CheckUpdate finish: old version:6
[9980:2532:0613/172251.407:WARNING:t_skinfilemap.cpp(67)] SGRenderLog:CheckUpdate finish: new version:6
[11120:9240:0613/172318.175:WARNING:t_skinfilemap.cpp(56)] SGRenderLog:CheckUpdate newMem.OpenMem failed, szNewMem:Local\sgime_skin.v6.filemap.sogouime err:系统错误2: 系统找不到指定的文件。  
打开Filemap失败: Local\sgime_skin.v6.filemap.sogouime3513863fd27
[11120:9240:0613/172318.175:WARNING:t_skinfilemap.cpp(65)] SGRenderLog:CheckUpdate finish: old version:1
[11120:9240:0613/172318.175:WARNING:t_skinfilemap.cpp(67)] SGRenderLog:CheckUpdate finish: new version:6
[11120:9240:0613/172318.228:WARNING:t_skinfilemap.cpp(63)] SGRenderLog:CheckUpdate newMem.OpenMem Suc, szNewMem:Local\sgime_skin.Dpi192.v6.filemap.sogouime
[11120:9240:0613/172318.228:WARNING:t_skinfilemap.cpp(65)] SGRenderLog:CheckUpdate finish: old version:6
[11120:9240:0613/172318.228:WARNING:t_skinfilemap.cpp(67)] SGRenderLog:CheckUpdate finish: new version:6
[10128:9764:0613/172403.212:WARNING:t_skinfilemap.cpp(56)] SGRenderLog:CheckUpdate newMem.OpenMem failed, szNewMem:Local\sgime_skin.v6.filemap.sogouime err:系统错误2: 系统找不到指定的文件。  
打开Filemap失败: Local\sgime_skin.v6.filemap.sogouime3513863fd27
[10128:9764:0613/172403.212:WARNING:t_skinfilemap.cpp(65)] SGRenderLog:CheckUpdate finish: old version:1
[10128:9764:0613/172403.212:WARNING:t_skinfilemap.cpp(67)] SGRenderLog:CheckUpdate finish: new version:6
[10128:9764:0613/172403.266:WARNING:t_skinfilemap.cpp(63)] SGRenderLog:CheckUpdate newMem.OpenMem Suc, szNewMem:Local\sgime_skin.Dpi192.v6.filemap.sogouime
[10128:9764:0613/172403.266:WARNING:t_skinfilemap.cpp(65)] SGRenderLog:CheckUpdate finish: old version:6
[10128:9764:0613/172403.266:WARNING:t_skinfilemap.cpp(67)] SGRenderLog:CheckUpdate finish: new version:6
[1060:6340:0613/172553.173:WARNING:t_skinfilemap.cpp(56)] SGRenderLog:CheckUpdate newMem.OpenMem failed, szNewMem:Local\sgime_skin.v6.filemap.sogouime err:系统错误2: 系统找不到指定的文件。  
打开Filemap失败: Local\sgime_skin.v6.filemap.sogouime3513863fd27
[1060:6340:0613/172553.173:WARNING:t_skinfilemap.cpp(65)] SGRenderLog:CheckUpdate finish: old version:1
[1060:6340:0613/172553.173:WARNING:t_skinfilemap.cpp(67)] SGRenderLog:CheckUpdate finish: new version:6
[1060:6340:0613/172553.234:WARNING:t_skinfilemap.cpp(63)] SGRenderLog:CheckUpdate newMem.OpenMem Suc, szNewMem:Local\sgime_skin.Dpi192.v6.filemap.sogouime
[1060:6340:0613/172553.234:WARNING:t_skinfilemap.cpp(65)] SGRenderLog:CheckUpdate finish: old version:6
[1060:6340:0613/172553.234:WARNING:t_skinfilemap.cpp(67)] SGRenderLog:CheckUpdate finish: new version:6
[3392:10244:0613/185440.494:WARNING:t_skinfilemap.cpp(56)] SGRenderLog:CheckUpdate newMem.OpenMem failed, szNewMem:Local\sgime_skin.v6.filemap.sogouime err:系统错误2: 系统找不到指定的文件。  
打开Filemap失败: Local\sgime_skin.v6.filemap.sogouime3513863fd27
[3392:10244:0613/185440.494:WARNING:t_skinfilemap.cpp(65)] SGRenderLog:CheckUpdate finish: old version:1
[3392:10244:0613/185440.494:WARNING:t_skinfilemap.cpp(67)] SGRenderLog:CheckUpdate finish: new version:6
[3392:10244:0613/185440.609:WARNING:t_skinfilemap.cpp(63)] SGRenderLog:CheckUpdate newMem.OpenMem Suc, szNewMem:Local\sgime_skin.Dpi192.v6.filemap.sogouime
[3392:10244:0613/185440.609:WARNING:t_skinfilemap.cpp(65)] SGRenderLog:CheckUpdate finish: old version:6
[3392:10244:0613/185440.609:WARNING:t_skinfilemap.cpp(67)] SGRenderLog:CheckUpdate finish: new version:6
